###############################################################################
#
# IAR ELF Linker V9.10.2.313/W64 for ARM                  25/May/2022  17:47:31
# Copyright 2007-2021 IAR Systems AB.
#
#    Output file  =
#        D:\Education\3rd CSE\3rd CSE 2nd term\CSE312 Microprocessors Based
#        Systems\Project\Microwave_Oven_Controller\Microwave_Oven_Controller\Project-Code\Debug\Exe\Project-Code.out
#    Map file     =
#        D:\Education\3rd CSE\3rd CSE 2nd term\CSE312 Microprocessors Based
#        Systems\Project\Microwave_Oven_Controller\Microwave_Oven_Controller\Project-Code\Debug\List\Project-Code.map
#    Command line =
#        -f "D:\Education\3rd CSE\3rd CSE 2nd term\CSE312 Microprocessors Based
#        Systems\Project\Microwave_Oven_Controller\Microwave_Oven_Controller\Project-Code\Debug\Exe\Project-Code.out.rsp"
#        ("D:\Education\3rd CSE\3rd CSE 2nd term\CSE312 Microprocessors Based
#        Systems\Project\Microwave_Oven_Controller\Microwave_Oven_Controller\Project-Code\Debug\Obj\App.o"
#        "D:\Education\3rd CSE\3rd CSE 2nd term\CSE312 Microprocessors Based
#        Systems\Project\Microwave_Oven_Controller\Microwave_Oven_Controller\Project-Code\Debug\Obj\cstartup_M.o"
#        "D:\Education\3rd CSE\3rd CSE 2nd term\CSE312 Microprocessors Based
#        Systems\Project\Microwave_Oven_Controller\Microwave_Oven_Controller\Project-Code\Debug\Obj\keypad.o"
#        "D:\Education\3rd CSE\3rd CSE 2nd term\CSE312 Microprocessors Based
#        Systems\Project\Microwave_Oven_Controller\Microwave_Oven_Controller\Project-Code\Debug\Obj\LCD.o"
#        "D:\Education\3rd CSE\3rd CSE 2nd term\CSE312 Microprocessors Based
#        Systems\Project\Microwave_Oven_Controller\Microwave_Oven_Controller\Project-Code\Debug\Obj\LED_SW.o"
#        "D:\Education\3rd CSE\3rd CSE 2nd term\CSE312 Microprocessors Based
#        Systems\Project\Microwave_Oven_Controller\Microwave_Oven_Controller\Project-Code\Debug\Obj\main.o"
#        "D:\Education\3rd CSE\3rd CSE 2nd term\CSE312 Microprocessors Based
#        Systems\Project\Microwave_Oven_Controller\Microwave_Oven_Controller\Project-Code\Debug\Obj\systick.o"
#        --no_out_extension -o "D:\Education\3rd CSE\3rd CSE 2nd term\CSE312
#        Microprocessors Based
#        Systems\Project\Microwave_Oven_Controller\Microwave_Oven_Controller\Project-Code\Debug\Exe\Project-Code.out"
#        --map "D:\Education\3rd CSE\3rd CSE 2nd term\CSE312 Microprocessors
#        Based
#        Systems\Project\Microwave_Oven_Controller\Microwave_Oven_Controller\Project-Code\Debug\List\Project-Code.map"
#        --config "C:\Program Files\IAR Systems\Embedded Workbench
#        9.0\arm\config\linker\TexasInstruments\TM4C123GH6.icf" --semihosting
#        --entry __iar_program_start --vfe --text_out locale)
#
###############################################################################

*******************************************************************************
*** RUNTIME MODEL ATTRIBUTES
***

CppFlavor       = *
__SystemLibrary = DLib
__dlib_version  = 6


*******************************************************************************
*** HEAP SELECTION
***

The basic heap was selected because some modules are built with
size limitations (and not runtime checking), and --advanced_heap
was not specified.


*******************************************************************************
*** PLACEMENT SUMMARY
***

"A0":  place at address 0x0 { ro section .intvec };
"P1":  place in [from 0x0 to 0x3'ffff] { ro };
define block CSTACK with size = 4K, alignment = 8 { };
define block HEAP with size = 8K, alignment = 8 { };
"P2":  place in [from 0x2000'0000 to 0x2000'7fff] {
          rw, block CSTACK, block HEAP };
initialize by copy { rw };

  Section            Kind         Address    Size  Object
  -------            ----         -------    ----  ------
"A0":                                        0xbc
  .intvec            const            0x0    0xbc  cstartup_M.o [1]
                                   - 0xbc    0xbc

"P1":                                      0x1199
  .text              ro code         0xbc   0x79c  App.o [1]
  .text              ro code        0x858   0x314  LCD.o [1]
  .text              ro code        0xb6c   0x308  LED_SW.o [1]
  .text              ro code        0xe74    0x6c  systick.o [1]
  .text              ro code        0xee0   0x150  keypad.o [1]
  .text              ro code       0x1030    0x78  main.o [1]
  .text              ro code       0x10a8    0x3a  packbits_init_single.o [4]
  .text              ro code       0x10e2     0x2  cstartup_M.o [1]
  .text              ro code       0x10e4    0x28  data_init.o [4]
  .text              ro code       0x110c    0x22  fpinit_M.o [3]
  .iar.init_table    const         0x1130    0x10  - Linker created -
  .text              ro code       0x1140     0x2  cstartup_M.o [1]
  .text              ro code       0x1144    0x1e  cmain.o [4]
  .text              ro code       0x1162     0x4  low_level_init.o [2]
  .text              ro code       0x1166     0x4  exit.o [2]
  .text              ro code       0x116a     0x2  cstartup_M.o [1]
  .text              ro code       0x116c     0xa  cexit.o [4]
  .text              ro code       0x1176     0x2  cstartup_M.o [1]
  .text              ro code       0x1178    0x14  exit.o [5]
  .rodata            const         0x118c    0x10  App.o [1]
  .rodata            const         0x119c    0x10  App.o [1]
  .rodata            const         0x11ac    0x10  App.o [1]
  .rodata            const         0x11bc    0x10  App.o [1]
  .rodata            const         0x11cc    0x10  App.o [1]
  .text              ro code       0x11dc    0x10  cstartup_M.o [1]
  .rodata            const         0x11ec     0xc  App.o [1]
  .rodata            const         0x11f8     0xc  App.o [1]
  .rodata            const         0x1204     0x8  App.o [1]
  .rodata            const         0x120c     0x8  App.o [1]
  .rodata            const         0x1214     0x8  App.o [1]
  .rodata            const         0x121c     0x8  App.o [1]
  .text              ro code       0x1224     0x2  cstartup_M.o [1]
  .text              ro code       0x1226     0x2  cstartup_M.o [1]
  .text              ro code       0x1228     0x2  cstartup_M.o [1]
  .text              ro code       0x122a     0x2  cstartup_M.o [1]
  .text              ro code       0x122c     0x2  cstartup_M.o [1]
  .text              ro code       0x122e     0x2  cstartup_M.o [1]
  .text              ro code       0x1230     0x2  cstartup_M.o [1]
  .text              ro code       0x1232     0x2  cstartup_M.o [1]
  .rodata            const         0x1234     0x0  packbits_init_single.o [4]
  Initializer bytes  const         0x1234    0x21  <for P2-1>
                                 - 0x1255  0x1199

"P2", part 1 of 2:                           0x33
  P2-1                        0x2000'0000    0x33  <Init block>
    .data            inited   0x2000'0000    0x10  keypad.o [1]
    .data            inited   0x2000'0010     0xc  LCD.o [1]
    .bss             inited   0x2000'001c     0x4  App.o [1]
    .bss             inited   0x2000'0020     0x8  App.o [1]
    .bss             inited   0x2000'0028     0x2  App.o [1]
    .data            inited   0x2000'002a     0x1  App.o [1]
    .data            inited   0x2000'002b     0x1  App.o [1]
    .data            inited   0x2000'002c     0x1  App.o [1]
    .data            inited   0x2000'002d     0x1  App.o [1]
    .bss             inited   0x2000'002e     0x1  App.o [1]
    .bss             inited   0x2000'002f     0x1  App.o [1]
    .bss             inited   0x2000'0030     0x1  App.o [1]
    .bss             inited   0x2000'0031     0x1  App.o [1]
    .bss             inited   0x2000'0032     0x1  App.o [1]
                            - 0x2000'0033    0x33

"P2", part 2 of 2:                         0x1000
  CSTACK                      0x2000'0038  0x1000  <Block>
    CSTACK           uninit   0x2000'0038  0x1000  <Block tail>
                            - 0x2000'1038  0x1000

Unused ranges:

         From           To      Size
         ----           --      ----
       0x1255     0x3'ffff  0x3'edab
  0x2000'0033  0x2000'0037       0x5
  0x2000'1038  0x2000'7fff    0x6fc8


*******************************************************************************
*** INIT TABLE
***

          Address      Size
          -------      ----
Copy/packbits (__iar_packbits_init_single3)
    1 source range, total size 0x21 (64% of destination):
               0x1234  0x21
    1 destination range, total size 0x33:
          0x2000'0000  0x33



*******************************************************************************
*** MODULE SUMMARY
***

    Module                  ro code  ro data  rw data
    ------                  -------  -------  -------
command line/config:
    -------------------------------------------------
    Total:

D:\Education\3rd CSE\3rd CSE 2nd term\CSE312 Microprocessors Based Systems\Project\Microwave_Oven_Controller\Microwave_Oven_Controller\Project-Code\Debug\Obj: [1]
    App.o                     1'948      151       23
    LCD.o                       788        8       12
    LED_SW.o                    776
    cstartup_M.o                 40      188
    keypad.o                    336       10       16
    main.o                      120
    systick.o                   108
    -------------------------------------------------
    Total:                    4'116      357       51

dl7M_tln.a: [2]
    exit.o                        4
    low_level_init.o              4
    -------------------------------------------------
    Total:                        8

m7M_tls.a: [3]
    fpinit_M.o                   34
    -------------------------------------------------
    Total:                       34

rt7M_tl.a: [4]
    cexit.o                      10
    cmain.o                      30
    data_init.o                  40
    packbits_init_single.o       58
    -------------------------------------------------
    Total:                      138

shb_l.a: [5]
    exit.o                       20
    -------------------------------------------------
    Total:                       20

    Gaps                          2        2
    Linker created                        16    4'096
-----------------------------------------------------
    Grand Total:              4'318      375    4'147


*******************************************************************************
*** ENTRY LIST
***

Entry                       Address   Size  Type      Object
-----                       -------   ----  ----      ------
.iar.init_table$$Base        0x1130          --   Gb  - Linker created -
.iar.init_table$$Limit       0x1140          --   Gb  - Linker created -
?main                        0x1145         Code  Gb  cmain.o [4]
BUZZER_OFF                    0xdf3    0xe  Code  Gb  LED_SW.o [1]
BUZZER_ON                     0xde5    0xe  Code  Gb  LED_SW.o [1]
Beef_Task                     0x315   0x84  Code  Gb  App.o [1]
Beef_weight             0x2000'002f    0x1  Data  Gb  App.o [1]
BusFault_Handler             0x1177    0x2  Code  Gb  cstartup_M.o [1]
Buzzer_Init                   0xbd1   0x64  Code  Gb  LED_SW.o [1]
CSTACK$$Base            0x2000'0038          --   Gb  - Linker created -
CSTACK$$Limit           0x2000'1038          --   Gb  - Linker created -
Chicken_Task                  0x399   0x84  Code  Gb  App.o [1]
Chicken_weight          0x2000'0030    0x1  Data  Gb  App.o [1]
CookingTime_cur_Pos     0x2000'0032    0x1  Data  Gb  App.o [1]
CookingTime_digit       0x2000'0031    0x1  Data  Gb  App.o [1]
CookingTime_total       0x2000'0020    0x8  Data  Gb  App.o [1]
Cooking_Time_Task             0x421  0x2ee  Code  Gb  App.o [1]
Counter_Task                  0x715   0xdc  Code  Gb  App.o [1]
DebugMon_Handler             0x1229    0x2  Code  Gb  cstartup_M.o [1]
Delay_MS                      0x25b   0x38  Code  Gb  App.o [1]
Door_SW_init                  0xc35   0xa4  Code  Gb  LED_SW.o [1]
GPIOPortA_Handler             0x20b   0x50  Code  Gb  App.o [1]
GPIOPortB_Handler            0x122d    0x2  Code  Gb  cstartup_M.o [1]
GPIOPortC_Handler            0x122f    0x2  Code  Gb  cstartup_M.o [1]
GPIOPortD_Handler            0x1231    0x2  Code  Gb  cstartup_M.o [1]
GPIOPortE_Handler            0x1233    0x2  Code  Gb  cstartup_M.o [1]
GPIOPortF_Handler             0x12d   0xde  Code  Gb  App.o [1]
HardFault_Handler            0x1141    0x2  Code  Gb  cstartup_M.o [1]
Init_Task                     0x293   0x62  Code  Gb  App.o [1]
KeyPad_getPressedKey          0xf99   0x58  Code  Gb  keypad.o [1]
LCD_clearScreen               0xacb    0xa  Code  Gb  LCD.o [1]
LCD_displayCharacter          0x9bf   0xa2  Code  Gb  LCD.o [1]
LCD_displayCounter            0xad5   0x5e  Code  Gb  LCD.o [1]
LCD_displayString             0xa61   0x20  Code  Gb  LCD.o [1]
LCD_displayStringRowColumn
                              0xab7   0x14  Code  Gb  LCD.o [1]
LCD_goToRowColumn             0xa81   0x36  Code  Gb  LCD.o [1]
LCD_init                      0x873   0xaa  Code  Gb  LCD.o [1]
LCD_sendCommand               0x91d   0xa2  Code  Gb  LCD.o [1]
LED_OFF                       0xdc9    0xe  Code  Gb  LED_SW.o [1]
LED_ON                        0xdbb    0xe  Code  Gb  LED_SW.o [1]
LED_TOGGLE                    0xdd7    0xe  Code  Gb  LED_SW.o [1]
Leds_Init                     0xb6d   0x64  Code  Gb  LED_SW.o [1]
MemManage_Handler            0x116b    0x2  Code  Gb  cstartup_M.o [1]
NMI_Handler                  0x10e3    0x2  Code  Gb  cstartup_M.o [1]
PendSV_Handler               0x122b    0x2  Code  Gb  cstartup_M.o [1]
Popcorn_Task                  0x2f5   0x20  Code  Gb  App.o [1]
Read_START_SW                 0xdb1    0xa  Code  Gb  LED_SW.o [1]
Read_STOP_SW                  0xda7    0xa  Code  Gb  LED_SW.o [1]
Region$$Table$$Base          0x1130          --   Gb  - Linker created -
Region$$Table$$Limit         0x1140          --   Gb  - Linker created -
SVC_Handler                  0x1227    0x2  Code  Gb  cstartup_M.o [1]
SWs_init                      0xcd9   0xce  Code  Gb  LED_SW.o [1]
SysTick_Disable               0xea9    0xe  Code  Gb  systick.o [1]
SysTick_Enable                0xeb7   0x14  Code  Gb  systick.o [1]
SysTick_Handler               0x111   0x1c  Code  Gb  App.o [1]
SysTick_Init                  0xe75   0x34  Code  Gb  systick.o [1]
Total_cooking           0x2000'0028    0x2  Data  Gb  App.o [1]
UsageFault_Handler           0x1225    0x2  Code  Gb  cstartup_M.o [1]
__cmain                      0x1145         Code  Gb  cmain.o [4]
__exit                       0x1179   0x14  Code  Gb  exit.o [5]
__iar_data_init3             0x10e5   0x28  Code  Gb  data_init.o [4]
__iar_init_vfp               0x110d         Code  Gb  fpinit_M.o [3]
__iar_packbits_init_single3
                             0x10a9   0x3a  Code  Gb  packbits_init_single.o [4]
__iar_program_start          0x11dd   0x10  Code  Gb  cstartup_M.o [1]
__low_level_init             0x1163    0x4  Code  Gb  low_level_init.o [2]
__vector_table                  0x0   0xbc  Data  Gb  cstartup_M.o [1]
_call_main                   0x1151         Code  Gb  cmain.o [4]
_exit                        0x116d         Code  Gb  cexit.o [4]
clear_cooking_flag      0x2000'002d    0x1  Data  Gb  App.o [1]
delayMs                       0xee1   0x1a  Code  Gb  keypad.o [1]
delay_Ms                      0x859   0x1a  Code  Gb  LCD.o [1]
exit                         0x1167    0x4  Code  Gb  exit.o [2]
first_stop_flag         0x2000'002a    0x1  Data  Gb  App.o [1]
key_Value               0x2000'002e    0x1  Data  Gb  App.o [1]
keypad_Init                   0xefb   0x9e  Code  Gb  keypad.o [1]
main                         0x1031   0x78  Code  Gb  main.o [1]
num_symbol              0x2000'0010    0xc  Data  Gb  LCD.o [1]
second_stop_flag        0x2000'002b    0x1  Data  Gb  App.o [1]
start_cooking_flag      0x2000'002c    0x1  Data  Gb  App.o [1]
string_to_int                  0xbd   0x54  Code  Gb  App.o [1]
symbol                  0x2000'0000   0x10  Data  Gb  keypad.o [1]
ticks_num               0x2000'001c    0x4  Data  Gb  App.o [1]


[1] = D:\Education\3rd CSE\3rd CSE 2nd term\CSE312 Microprocessors Based Systems\Project\Microwave_Oven_Controller\Microwave_Oven_Controller\Project-Code\Debug\Obj
[2] = dl7M_tln.a
[3] = m7M_tls.a
[4] = rt7M_tl.a
[5] = shb_l.a

  4'318 bytes of readonly  code memory
    375 bytes of readonly  data memory
  4'147 bytes of readwrite data memory

Errors: none
Warnings: none
